// Vitest Snapshot v1, https://vitest.dev/guide/snapshot.html

exports[`renders 1`] = `
<div>
  <header
    class="header"
  >
    <a
      class="nav-link"
      data-discover="true"
      href="/"
    >
      Home
    </a>
    <a
      class="nav-link"
      data-discover="true"
      href="/shop"
    >
      Shop
    </a>
    <a
      class="nav-link"
      data-discover="true"
      href="/cart"
    >
      Cart 
      <span>
        (
        0
        )
      </span>
    </a>
  </header>
  <main />
</div>
`;
